
> react-kavia@0.1.0 start
> react-scripts start

(node:171434) [DEP_WEBPACK_DEV_SERVER_ON_AFTER_SETUP_MIDDLEWARE] DeprecationWarning: 'onAfterSetupMiddleware' option is deprecated. Please use the 'setupMiddlewares' option.
(Use `node --trace-deprecation ...` to show where the warning was created)
(node:171434) [DEP_WEBPACK_DEV_SERVER_ON_BEFORE_SETUP_MIDDLEWARE] DeprecationWarning: 'onBeforeSetupMiddleware' option is deprecated. Please use the 'setupMiddlewares' option.
Starting the development server...

Compiled successfully!

You can now view react-kavia in the browser.

  Local:            http://localhost:3000
  On Your Network:  http://172.17.0.2:3000

Note that the development build is not optimized.
To create a production build, use npm run build.

webpack compiled successfully
Compiling...
Compiled successfully!
webpack compiled successfully
Compiling...
Compiled successfully!
webpack compiled successfully
Compiling...
Compiled successfully!
webpack compiled successfully
Compiling...
Compiled with warnings.

[eslint] 
src/pages/games/ObjectMovieGuess.js
  Line 10:9:    'posterBase' is assigned a value but never used  no-unused-vars
  Line 114:25:  Unnecessary escape character: \-                 no-useless-escape

Search for the keywords to learn more about each warning.
To ignore, add // eslint-disable-next-line to the line before.

WARNING in [eslint] 
src/pages/games/ObjectMovieGuess.js
  Line 10:9:    'posterBase' is assigned a value but never used  no-unused-vars
  Line 114:25:  Unnecessary escape character: \-                 no-useless-escape

webpack compiled with 1 warning
Compiling...
Failed to compile.

Attempted import error: 'getMoviesWithBothActors' is not exported from '../../tmdbGameUtils' (imported as 'getMoviesWithBothActors').
WARNING in [eslint] 
src/pages/games/ObjectMovieGuess.js
  Line 10:9:    'posterBase' is assigned a value but never used  no-unused-vars
  Line 114:25:  Unnecessary escape character: \-                 no-useless-escape

ERROR in ./src/pages/games/ActorComboFinder.js 446:6-29
export 'getMoviesWithBothActors' (imported as 'getMoviesWithBothActors') was not found in '../../tmdbGameUtils' (module has no exports)

ERROR in ./src/pages/games/MemoryTrainer.js 123:24-45
export 'getMemoryTrainerRound' (imported as 'getMemoryTrainerRound') was not found in '../../tmdbGameUtils' (module has no exports)

ERROR in ./src/pages/games/MovieIQChallenge.js 126:21-40
export 'getIQChallengeRound' (imported as 'getIQChallengeRound') was not found in '../../tmdbGameUtils' (module has no exports)

ERROR in ./src/pages/games/MovieIQChallenge.js 144:29-44
export 'getRandomMovies' (imported as 'getRandomMovies') was not found in '../../tmdbGameUtils' (module has no exports)

ERROR in ./src/pages/games/MovieIQChallenge.js 153:23-30
export 'sampleN' (imported as 'sampleN') was not found in '../../tmdbGameUtils' (module has no exports)

webpack compiled with 5 errors and 1 warning
Compiling...
Failed to compile.

Attempted import error: 'getMoviesWithBothActors' is not exported from '../../tmdbGameUtils' (imported as 'getMoviesWithBothActors').
WARNING in [eslint] 
src/pages/games/ObjectMovieGuess.js
  Line 10:9:    'posterBase' is assigned a value but never used  no-unused-vars
  Line 114:25:  Unnecessary escape character: \-                 no-useless-escape

ERROR in ./src/pages/games/ActorComboFinder.js 446:6-29
export 'getMoviesWithBothActors' (imported as 'getMoviesWithBothActors') was not found in '../../tmdbGameUtils' (module has no exports)

ERROR in ./src/pages/games/MemoryTrainer.js 123:24-45
export 'getMemoryTrainerRound' (imported as 'getMemoryTrainerRound') was not found in '../../tmdbGameUtils' (module has no exports)

ERROR in ./src/pages/games/MovieIQChallenge.js 126:21-40
export 'getIQChallengeRound' (imported as 'getIQChallengeRound') was not found in '../../tmdbGameUtils' (module has no exports)

ERROR in ./src/pages/games/MovieIQChallenge.js 144:29-44
export 'getRandomMovies' (imported as 'getRandomMovies') was not found in '../../tmdbGameUtils' (module has no exports)

ERROR in ./src/pages/games/MovieIQChallenge.js 153:23-30
export 'sampleN' (imported as 'sampleN') was not found in '../../tmdbGameUtils' (module has no exports)

webpack compiled with 5 errors and 1 warning
Compiling...
Failed to compile.

Attempted import error: 'getMemoryTrainerRound' is not exported from '../../tmdbGameUtils' (imported as 'getMemoryTrainerRound').
WARNING in [eslint] 
src/pages/games/ObjectMovieGuess.js
  Line 10:9:    'posterBase' is assigned a value but never used  no-unused-vars
  Line 114:25:  Unnecessary escape character: \-                 no-useless-escape

ERROR in ./src/pages/games/MemoryTrainer.js 123:24-45
export 'getMemoryTrainerRound' (imported as 'getMemoryTrainerRound') was not found in '../../tmdbGameUtils' (possible exports: getMoviesWithBothActors)

ERROR in ./src/pages/games/MovieIQChallenge.js 126:21-40
export 'getIQChallengeRound' (imported as 'getIQChallengeRound') was not found in '../../tmdbGameUtils' (possible exports: getMoviesWithBothActors)

ERROR in ./src/pages/games/MovieIQChallenge.js 144:29-44
export 'getRandomMovies' (imported as 'getRandomMovies') was not found in '../../tmdbGameUtils' (possible exports: getMoviesWithBothActors)

ERROR in ./src/pages/games/MovieIQChallenge.js 153:23-30
export 'sampleN' (imported as 'sampleN') was not found in '../../tmdbGameUtils' (possible exports: getMoviesWithBothActors)

webpack compiled with 4 errors and 1 warning
Compiling...
Failed to compile.

Attempted import error: 'getIQChallengeRound' is not exported from '../../tmdbGameUtils' (imported as 'getIQChallengeRound').
WARNING in [eslint] 
src/pages/games/ObjectMovieGuess.js
  Line 10:9:    'posterBase' is assigned a value but never used  no-unused-vars
  Line 114:25:  Unnecessary escape character: \-                 no-useless-escape

ERROR in ./src/pages/games/MovieIQChallenge.js 126:21-40
export 'getIQChallengeRound' (imported as 'getIQChallengeRound') was not found in '../../tmdbGameUtils' (possible exports: getMemoryTrainerRound, getMoviesWithBothActors)

ERROR in ./src/pages/games/MovieIQChallenge.js 144:29-44
export 'getRandomMovies' (imported as 'getRandomMovies') was not found in '../../tmdbGameUtils' (possible exports: getMemoryTrainerRound, getMoviesWithBothActors)

ERROR in ./src/pages/games/MovieIQChallenge.js 153:23-30
export 'sampleN' (imported as 'sampleN') was not found in '../../tmdbGameUtils' (possible exports: getMemoryTrainerRound, getMoviesWithBothActors)

webpack compiled with 3 errors and 1 warning
Compiling...
Failed to compile.

Attempted import error: 'getRandomMovies' is not exported from '../../tmdbGameUtils' (imported as 'getRandomMovies').
WARNING in [eslint] 
src/pages/games/ObjectMovieGuess.js
  Line 10:9:    'posterBase' is assigned a value but never used  no-unused-vars
  Line 114:25:  Unnecessary escape character: \-                 no-useless-escape

ERROR in ./src/pages/games/MovieIQChallenge.js 144:29-44
export 'getRandomMovies' (imported as 'getRandomMovies') was not found in '../../tmdbGameUtils' (possible exports: getIQChallengeRound, getMemoryTrainerRound, getMoviesWithBothActors)

ERROR in ./src/pages/games/MovieIQChallenge.js 153:23-30
export 'sampleN' (imported as 'sampleN') was not found in '../../tmdbGameUtils' (possible exports: getIQChallengeRound, getMemoryTrainerRound, getMoviesWithBothActors)

webpack compiled with 2 errors and 1 warning
Compiling...
Failed to compile.

Attempted import error: 'sampleN' is not exported from '../../tmdbGameUtils' (imported as 'sampleN').
WARNING in [eslint] 
src/pages/games/ObjectMovieGuess.js
  Line 10:9:    'posterBase' is assigned a value but never used  no-unused-vars
  Line 114:25:  Unnecessary escape character: \-                 no-useless-escape

ERROR in ./src/pages/games/MovieIQChallenge.js 153:23-30
export 'sampleN' (imported as 'sampleN') was not found in '../../tmdbGameUtils' (possible exports: getIQChallengeRound, getMemoryTrainerRound, getMoviesWithBothActors, getRandomMovies)

webpack compiled with 1 error and 1 warning
Compiling...
Compiled with warnings.

[eslint] 
src/pages/games/ObjectMovieGuess.js
  Line 10:9:    'posterBase' is assigned a value but never used  no-unused-vars
  Line 114:25:  Unnecessary escape character: \-                 no-useless-escape

Search for the keywords to learn more about each warning.
To ignore, add // eslint-disable-next-line to the line before.

WARNING in [eslint] 
src/pages/games/ObjectMovieGuess.js
  Line 10:9:    'posterBase' is assigned a value but never used  no-unused-vars
  Line 114:25:  Unnecessary escape character: \-                 no-useless-escape

webpack compiled with 1 warning
